###########################################################
####               ICTC Regression Report              ####
###########################################################
Total testcase run: 68
Passed            : 68
Failed            : 0
Unknown           : 0
Used time         : 5m 56s
-----------------------------------------------------------
Run log detail:
log/uart_FULL_115200_baud_test_575048.log: => Passed
log/uart_FULL_115200_baud_test_917827.log: => Passed
log/uart_FULL_19200_baud_test_269492.log: => Passed
log/uart_FULL_19200_baud_test_894596.log: => Passed
log/uart_FULL_1_stop_bit_test_446221.log: => Passed
log/uart_FULL_1_stop_bit_test_627532.log: => Passed
log/uart_FULL_2_stop_bit_test_626395.log: => Passed
log/uart_FULL_2_stop_bit_test_664418.log: => Passed
log/uart_FULL_4800_baud_test_504641.log: => Passed
log/uart_FULL_4800_baud_test_681067.log: => Passed
log/uart_FULL_57600_baud_test_167579.log: => Passed
log/uart_FULL_57600_baud_test_246747.log: => Passed
log/uart_FULL_5bit_data_test_584426.log: => Passed
log/uart_FULL_5bit_data_test_601774.log: => Passed
log/uart_FULL_6bit_data_test_404158.log: => Passed
log/uart_FULL_6bit_data_test_782966.log: => Passed
log/uart_FULL_7bit_data_test_622622.log: => Passed
log/uart_FULL_7bit_data_test_795174.log: => Passed
log/uart_FULL_8bit_data_test_467169.log: => Passed
log/uart_FULL_8bit_data_test_675939.log: => Passed
log/uart_FULL_9600_baud_test_682605.log: => Passed
log/uart_FULL_9600_baud_test_931772.log: => Passed
log/uart_FULL_9bit_data_test_634841.log: => Passed
log/uart_FULL_9bit_data_test_857694.log: => Passed
log/uart_FULL_even_parity_test_513795.log: => Passed
log/uart_FULL_even_parity_test_899591.log: => Passed
log/uart_FULL_no_parity_test_564257.log: => Passed
log/uart_FULL_no_parity_test_637009.log: => Passed
log/uart_FULL_odd_parity_test_307168.log: => Passed
log/uart_FULL_odd_parity_test_914113.log: => Passed
log/uart_FULL_parity_error_test_145868.log: => Passed
log/uart_FULL_parity_error_test_270174.log: => Passed
log/uart_FULL_parity_normal_test_176260.log: => Passed
log/uart_FULL_parity_normal_test_763794.log: => Passed
log/uart_HALF_115200_baud_test_501880.log: => Passed
log/uart_HALF_115200_baud_test_582366.log: => Passed
log/uart_HALF_19200_baud_test_322344.log: => Passed
log/uart_HALF_19200_baud_test_680997.log: => Passed
log/uart_HALF_1_stop_bit_test_196962.log: => Passed
log/uart_HALF_1_stop_bit_test_933741.log: => Passed
log/uart_HALF_2_stop_bit_test_795845.log: => Passed
log/uart_HALF_2_stop_bit_test_957090.log: => Passed
log/uart_HALF_4800_baud_test_307767.log: => Passed
log/uart_HALF_4800_baud_test_587473.log: => Passed
log/uart_HALF_57600_baud_test_556804.log: => Passed
log/uart_HALF_57600_baud_test_578390.log: => Passed
log/uart_HALF_5bit_data_test_412457.log: => Passed
log/uart_HALF_5bit_data_test_704110.log: => Passed
log/uart_HALF_6bit_data_test_101160.log: => Passed
log/uart_HALF_6bit_data_test_976356.log: => Passed
log/uart_HALF_7bit_data_test_601872.log: => Passed
log/uart_HALF_7bit_data_test_911804.log: => Passed
log/uart_HALF_8bit_data_test_137730.log: => Passed
log/uart_HALF_8bit_data_test_139721.log: => Passed
log/uart_HALF_9600_baud_test_226697.log: => Passed
log/uart_HALF_9600_baud_test_315188.log: => Passed
log/uart_HALF_9bit_data_test_158346.log: => Passed
log/uart_HALF_9bit_data_test_212447.log: => Passed
log/uart_HALF_even_parity_test_246497.log: => Passed
log/uart_HALF_even_parity_test_248408.log: => Passed
log/uart_HALF_no_parity_test_354043.log: => Passed
log/uart_HALF_no_parity_test_542403.log: => Passed
log/uart_HALF_odd_parity_test_723447.log: => Passed
log/uart_HALF_odd_parity_test_881041.log: => Passed
log/uart_HALF_parity_error_test_811103.log: => Passed
log/uart_HALF_parity_error_test_815231.log: => Passed
log/uart_HALF_parity_normal_test_424156.log: => Passed
log/uart_HALF_parity_normal_test_918986.log: => Passed
-----------------------------------------------------------
