###########################################################
####               ICTC Regression Report              ####
###########################################################
Total testcase run: 34
Passed            : 34
Failed            : 0
Unknown           : 0
Used time         : 3m 4s
-----------------------------------------------------------
Run log detail:
log/uart_FULL_115200_baud_test_330163.log: => Passed
log/uart_FULL_19200_baud_test_895339.log: => Passed
log/uart_FULL_1_stop_bit_test_460124.log: => Passed
log/uart_FULL_2_stop_bit_test_531123.log: => Passed
log/uart_FULL_4800_baud_test_137045.log: => Passed
log/uart_FULL_57600_baud_test_229016.log: => Passed
log/uart_FULL_5bit_data_test_492886.log: => Passed
log/uart_FULL_6bit_data_test_558597.log: => Passed
log/uart_FULL_7bit_data_test_333400.log: => Passed
log/uart_FULL_8bit_data_test_461053.log: => Passed
log/uart_FULL_9600_baud_test_702293.log: => Passed
log/uart_FULL_9bit_data_test_346589.log: => Passed
log/uart_FULL_even_parity_test_915065.log: => Passed
log/uart_FULL_no_parity_test_736897.log: => Passed
log/uart_FULL_odd_parity_test_797063.log: => Passed
log/uart_FULL_parity_error_test_377840.log: => Passed
log/uart_FULL_parity_normal_test_398708.log: => Passed
log/uart_HALF_115200_baud_test_279032.log: => Passed
log/uart_HALF_19200_baud_test_482619.log: => Passed
log/uart_HALF_1_stop_bit_test_368929.log: => Passed
log/uart_HALF_2_stop_bit_test_941788.log: => Passed
log/uart_HALF_4800_baud_test_213655.log: => Passed
log/uart_HALF_57600_baud_test_576488.log: => Passed
log/uart_HALF_5bit_data_test_479700.log: => Passed
log/uart_HALF_6bit_data_test_123684.log: => Passed
log/uart_HALF_7bit_data_test_243206.log: => Passed
log/uart_HALF_8bit_data_test_201744.log: => Passed
log/uart_HALF_9600_baud_test_670264.log: => Passed
log/uart_HALF_9bit_data_test_117785.log: => Passed
log/uart_HALF_even_parity_test_205041.log: => Passed
log/uart_HALF_no_parity_test_648235.log: => Passed
log/uart_HALF_odd_parity_test_888494.log: => Passed
log/uart_HALF_parity_error_test_354349.log: => Passed
log/uart_HALF_parity_normal_test_739735.log: => Passed
-----------------------------------------------------------
